23:54:36 Slide 1 Level 1 EDDV shapes=48 vp=20
23:54:55 Slide 2 Level 2 EDDV shapes=50 vp=20
23:55:13 Slide 3 Level 3 LFPG shapes=46 vp=20
23:55:30 Slide 4 Level 4 LFPG shapes=48 vp=20
23:55:45 Slide 5 Level 5 EHAM shapes=42 vp=20
23:56:01 Slide 6 Level 6 EHAM shapes=40 vp=20
23:56:17 Slide 7 Level 7 EGLL shapes=46 vp=20
23:56:33 Slide 8 Level 8 EGLL shapes=42 vp=20
23:56:47 Slide 9 Level 9 EKCH shapes=36 vp=20
23:57:03 Slide 10 Level 10 EKCH shapes=40 vp=20
23:57:16 Slide 11 Level 11 LIRF shapes=34 vp=20
23:57:31 Slide 12 Level 12 LIRF shapes=38 vp=20
23:57:46 Slide 13 Level 13 LSZH shapes=40 vp=20
23:58:00 Slide 14 Level 14 LSZH shapes=36 vp=20
23:58:14 Slide 15 Level 15 LEBL shapes=36 vp=20
23:58:30 Slide 16 Level 16 LEBL shapes=42 vp=20
23:58:46 Slide 17 Level 17 EBBR shapes=42 vp=20
23:59:00 Slide 18 Level 18 EBBR shapes=38 vp=20
23:59:17 Slide 19 Level 19 LOWW shapes=48 vp=20
23:59:32 Slide 20 Level 20 LOWW shapes=40 vp=20
23:59:52 Slide 21 Level 21 LTFJ shapes=54 vp=20
00:00:12 Slide 22 Level 22 LTFJ shapes=48 vp=20
00:00:28 Slide 23 Level 23 VTBS shapes=38 vp=20
00:00:43 Slide 24 Level 24 VTBS shapes=36 vp=20
00:00:59 Slide 25 Level 25 WADD shapes=32 vp=20
00:01:15 Slide 26 Level 26 WIII shapes=38 vp=20
00:01:23 Slide 27 Level 27 VVTS shapes=34 vp=20
00:01:35 Slide 28 Level 28 FACT shapes=34 vp=20
00:01:42 Slide 29 Level 29 HKJK shapes=32 vp=20
00:02:01 Slide 30 Level 30 GMMX shapes=40 vp=20
00:02:13 Slide 31 Level 31 DTTA shapes=36 vp=20
00:02:29 Slide 32 Level 32 RJTT shapes=36 vp=20
00:02:45 Slide 33 Level 33 RJTT shapes=38 vp=20
00:02:55 Slide 34 Level 34 VIDP shapes=38 vp=20
00:03:13 Slide 35 Level 35 VIDP shapes=42 vp=20
00:03:27 Slide 36 Level 36 RPLL shapes=36 vp=20
00:03:38 Slide 37 Level 37 RPLL shapes=36 vp=20
00:03:53 Slide 38 Level 38 UUWW shapes=36 vp=20
00:04:15 Slide 39 Level 39 UUWW shapes=58 vp=20
00:04:16 Wrote C:\unity\NavigationShareD\NavigationShare\artifacts\Level-Maps-1-39.ppt
